Script started on Thu Oct 22 16:41:03 2015
[?1034h(env) dyna6-165:proj5-mongo michal$ ~/TYo[K[Kools/mongodb/bin/mongo
MongoDB shell version: 2.6.7
connecting to: test
2015-10-22T16:41:19.043-0700 warning: Failed to connect to 127.0.0.1:27017, reason: errno:61 Connection refused
2015-10-22T16:41:19.044-0700 Error: couldn't connect to server 127.0.0.1:27017 (127.0.0.1), connection attempt failed at src/mongo/shell/mongo.js:146
exception: connect failed
(env) dyna6-165:proj5-mongo michal$ ps -x | re[K[Kgrep monto[K[Kgo
87591 ttys002    0:00.00 grep mongo
(env) dyna6-165:proj5-mongo michal$ ~/Dr`[Kopbox/Sysp[K/spotter/bin/mongodb_osx.xh[K[Ksh
Starting ... 
2015-10-22T16:43:24.433-0700 [initandlisten] MongoDB starting : pid=87596 port=27333 dbpath=/Users/michal/Tools/mongodb/db 64-bit host=dyna6-165.cs.uoregon.edu
2015-10-22T16:43:24.433-0700 [initandlisten] db version v2.6.7
2015-10-22T16:43:24.433-0700 [initandlisten] git version: a7d57ad27c382de82e9cb93bf983a80fd9ac9899
2015-10-22T16:43:24.433-0700 [initandlisten] build info: Darwin bs-osx-108-x86-64-2.10gen.cc 12.3.0 Darwin Kernel Version 12.3.0: Sun Jan  6 22:37:10 PST 2013; root:xnu-2050.22.13~1/RELEASE_X86_64 x86_64 BOOST_LIB_VERSION=1_49
2015-10-22T16:43:24.433-0700 [initandlisten] allocator: system
2015-10-22T16:43:24.433-0700 [initandlisten] options: { net: { port: 27333 }, security: { authorization: "enabled" }, storage: { dbPath: "/Users/michal/Tools/mongodb/db" } }
2015-10-22T16:43:24.434-0700 [initandlisten] journal dir=/Users/michal/Tools/mongodb/db/journal
2015-10-22T16:43:24.434-0700 [initandlisten] recover begin
2015-10-22T16:43:24.450-0700 [initandlisten] recover lsn: 109727
2015-10-22T16:43:24.450-0700 [initandlisten] recover /Users/michal/Tools/mongodb/db/journal/j._0
2015-10-22T16:43:24.462-0700 [initandlisten] recover skipping application of section seq:0 < lsn:109727
2015-10-22T16:43:24.478-0700 [initandlisten] recover cleaning up
2015-10-22T16:43:24.478-0700 [initandlisten] removeJournalFiles
2015-10-22T16:43:24.583-0700 [initandlisten] recover done
2015-10-22T16:43:24.584-0700 [initandlisten] preallocating a journal file /Users/michal/Tools/mongodb/db/journal/prealloc.0
2015-10-22T16:43:27.426-0700 [initandlisten] waiting for connections on port 27333
^Z
[1]+  Stopped                 ~/Dropbox/Sys/spotter/bin/mongodb_osx.sh
(env) dyna6-165:proj5-mongo michal$ bg
[1]+ ~/Dropbox/Sys/spotter/bin/mongodb_osx.sh &
(env) dyna6-165:proj5-mongo michal$ mongo -u [K[Ku michal -p twfwif admin
MongoDB shell version: 2.6.7
connecting to: admin
2015-10-22T16:44:15.641-0700 warning: Failed to connect to 127.0.0.1:27017, reason: errno:61 Connection refused
2015-10-22T16:44:15.642-0700 Error: couldn't connect to server 127.0.0.1:27017 (127.0.0.1), connection attempt failed at src/mongo/shell/mongo.js:146
exception: connect failed
(env) dyna6-165:proj5-mongo michal$ 2015-10-22T16:44:28.621-0700 [clientcursormon] mem (MB) res:81 virt:3143
2015-10-22T16:44:28.621-0700 [clientcursormon]  mapped (incl journal view):640
2015-10-22T16:44:28.621-0700 [clientcursormon]  connections:0
fg
~/Dropbox/Sys/spotter/bin/mongodb_osx.sh
^C2015-10-22T16:44:44.681-0700 [signalProcessingThread] got signal 2 (Interrupt: 2), will terminate after current cmd ends
2015-10-22T16:44:44.681-0700 [signalProcessingThread] now exiting
2015-10-22T16:44:44.681-0700 [signalProcessingThread] dbexit: 
2015-10-22T16:44:44.681-0700 [signalProcessingThread] shutdown: going to close listening sockets...
2015-10-22T16:44:44.681-0700 [signalProcessingThread] closing listening socket: 10
2015-10-22T16:44:44.681-0700 [signalProcessingThread] closing listening socket: 12
2015-10-22T16:44:44.681-0700 [signalProcessingThread] removing socket file: /tmp/mongodb-27333.sock
2015-10-22T16:44:44.682-0700 [signalProcessingThread] shutdown: going to flush diaglog...
2015-10-22T16:44:44.682-0700 [signalProcessingThread] shutdown: going to close sockets...
2015-10-22T16:44:44.682-0700 [signalProcessingThread] shutdown: waiting for fs preallocator...
2015-10-22T16:44:44.682-0700 [signalProcessingThread] shutdown: lock for final commit...
2015-10-22T16:44:44.682-0700 [signalProcessingThread] shutdown: final commit...
2015-10-22T16:44:44.687-0700 [signalProcessingThread] shutdown: closing all files...
2015-10-22T16:44:44.688-0700 [signalProcessingThread] closeAllFiles() finished
2015-10-22T16:44:44.688-0700 [signalProcessingThread] journalCleanup...
2015-10-22T16:44:44.688-0700 [signalProcessingThread] removeJournalFiles
2015-10-22T16:44:44.689-0700 [signalProcessingThread] shutdown: removing fs lock...
2015-10-22T16:44:44.689-0700 [signalProcessingThread] dbexit: really exiting now
Started ... listening on port 27333
(env) dyna6-165:proj5-mongo michal$ ls
CONFIG.py   [34m__pycache__[39;49m[0m [34menv[39;49m[0m         main.py     [34mstatic[39;49m[0m      [34mtemplates[39;49m[0m   typescript
(env) dyna6-165:proj5-mongo michal$ ~/S[KDropbox/Sys/spotter/bin/mongodb_osx_noauth.sh 
Starting ... 
2015-10-22T16:46:27.500-0700 [initandlisten] MongoDB starting : pid=87604 port=27333 dbpath=/Users/michal/Tools/mongodb/db 64-bit host=dyna6-165.cs.uoregon.edu
2015-10-22T16:46:27.501-0700 [initandlisten] db version v2.6.7
2015-10-22T16:46:27.501-0700 [initandlisten] git version: a7d57ad27c382de82e9cb93bf983a80fd9ac9899
2015-10-22T16:46:27.501-0700 [initandlisten] build info: Darwin bs-osx-108-x86-64-2.10gen.cc 12.3.0 Darwin Kernel Version 12.3.0: Sun Jan  6 22:37:10 PST 2013; root:xnu-2050.22.13~1/RELEASE_X86_64 x86_64 BOOST_LIB_VERSION=1_49
2015-10-22T16:46:27.501-0700 [initandlisten] allocator: system
2015-10-22T16:46:27.501-0700 [initandlisten] options: { net: { port: 27333 }, security: { authorization: "disabled" }, storage: { dbPath: "/Users/michal/Tools/mongodb/db" } }
2015-10-22T16:46:27.501-0700 [initandlisten] journal dir=/Users/michal/Tools/mongodb/db/journal
2015-10-22T16:46:27.501-0700 [initandlisten] recover : no journal files present, no recovery needed
2015-10-22T16:46:27.518-0700 [initandlisten] waiting for connections on port 27333
^Z
[1]+  Stopped                 ~/Dropbox/Sys/spotter/bin/mongodb_osx_noauth.sh
(env) dyna6-165:proj5-mongo michal$ bg
[1]+ ~/Dropbox/Sys/spotter/bin/mongodb_osx_noauth.sh &
(env) dyna6-165:proj5-mongo michal$ mongo
MongoDB shell version: 2.6.7
connecting to: test
2015-10-22T16:46:38.101-0700 warning: Failed to connect to 127.0.0.1:27017, reason: errno:61 Connection refused
2015-10-22T16:46:38.102-0700 Error: couldn't connect to server 127.0.0.1:27017 (127.0.0.1), connection attempt failed at src/mongo/shell/mongo.js:146
exception: connect failed
(env) dyna6-165:proj5-mongo michal$ fg
~/Dropbox/Sys/spotter/bin/mongodb_osx_noauth.sh
^C2015-10-22T16:47:00.468-0700 [signalProcessingThread] got signal 2 (Interrupt: 2), will terminate after current cmd ends
2015-10-22T16:47:00.469-0700 [signalProcessingThread] now exiting
2015-10-22T16:47:00.469-0700 [signalProcessingThread] dbexit: 
2015-10-22T16:47:00.469-0700 [signalProcessingThread] shutdown: going to close listening sockets...
2015-10-22T16:47:00.469-0700 [signalProcessingThread] closing listening socket: 9
2015-10-22T16:47:00.469-0700 [signalProcessingThread] closing listening socket: 10
2015-10-22T16:47:00.469-0700 [signalProcessingThread] removing socket file: /tmp/mongodb-27333.sock
2015-10-22T16:47:00.469-0700 [signalProcessingThread] shutdown: going to flush diaglog...
2015-10-22T16:47:00.469-0700 [signalProcessingThread] shutdown: going to close sockets...
2015-10-22T16:47:00.469-0700 [signalProcessingThread] shutdown: waiting for fs preallocator...
2015-10-22T16:47:00.469-0700 [signalProcessingThread] shutdown: lock for final commit...
2015-10-22T16:47:00.469-0700 [signalProcessingThread] shutdown: final commit...
2015-10-22T16:47:00.475-0700 [signalProcessingThread] shutdown: closing all files...
2015-10-22T16:47:00.476-0700 [signalProcessingThread] closeAllFiles() finished
2015-10-22T16:47:00.476-0700 [signalProcessingThread] journalCleanup...
2015-10-22T16:47:00.476-0700 [signalProcessingThread] removeJournalFiles
2015-10-22T16:47:00.477-0700 [signalProcessingThread] shutdown: removing fs lock...
2015-10-22T16:47:00.477-0700 [signalProcessingThread] dbexit: really exiting now
Started ... listening on port 27333
(env) dyna6-165:proj5-mongo michal$ fgmongo[3Pbg~/Dropbox/Sys/spotter/bin/mongodb_osx_noauth.sh [C[C[C[C[C[C[C[C[C[C[C[C[C[C[C[C[C[C[C[C[C[C[C[C[C[C[C[C[C[C[C[C[C[C[C[Cls[Kfgmongo -u michal -p twfwif adminbg[K~/Dropbox/Sys/spotter/bin/mongodb_osx.sh
Starting ... 
2015-10-22T16:47:10.898-0700 [initandlisten] MongoDB starting : pid=87607 port=27333 dbpath=/Users/michal/Tools/mongodb/db 64-bit host=dyna6-165.cs.uoregon.edu
2015-10-22T16:47:10.898-0700 [initandlisten] db version v2.6.7
2015-10-22T16:47:10.898-0700 [initandlisten] git version: a7d57ad27c382de82e9cb93bf983a80fd9ac9899
2015-10-22T16:47:10.898-0700 [initandlisten] build info: Darwin bs-osx-108-x86-64-2.10gen.cc 12.3.0 Darwin Kernel Version 12.3.0: Sun Jan  6 22:37:10 PST 2013; root:xnu-2050.22.13~1/RELEASE_X86_64 x86_64 BOOST_LIB_VERSION=1_49
2015-10-22T16:47:10.898-0700 [initandlisten] allocator: system
2015-10-22T16:47:10.898-0700 [initandlisten] options: { net: { port: 27333 }, security: { authorization: "enabled" }, storage: { dbPath: "/Users/michal/Tools/mongodb/db" } }
2015-10-22T16:47:10.899-0700 [initandlisten] journal dir=/Users/michal/Tools/mongodb/db/journal
2015-10-22T16:47:10.899-0700 [initandlisten] recover : no journal files present, no recovery needed
2015-10-22T16:47:10.916-0700 [initandlisten] waiting for connections on port 27333
^Z
[1]+  Stopped                 ~/Dropbox/Sys/spotter/bin/mongodb_osx.sh
(env) dyna6-165:proj5-mongo michal$ bg
[1]+ ~/Dropbox/Sys/spotter/bin/mongodb_osx.sh &
(env) dyna6-165:proj5-mongo michal$ bg~/Dropbox/Sys/spotter/bin/mongodb_osx.sh[C[C[C[C[C[C[C[C[C[C[C[C[C[C[C[C[C[C[C[C[C[C[C[C[C[C[C[C[C[C[C[C[C[C[C[Cfg[Kmongo[3Pbg~/Dropbox/Sys/spotter/bin/mongodb_osx_noauth.sh [C[C[C[C[C[C[C[C[C[C[C[C[C[C[C[C[C[C[C[C[C[C[C[C[C[C[C[C[C[C[C[C[C[C[C[Cbg[Kmongo --port 27333 -u michal -p twfwif admin
MongoDB shell version: 2.6.7
connecting to: 127.0.0.1:27333/admin
2015-10-22T16:47:42.622-0700 [initandlisten] connection accepted from 127.0.0.1:57224 #1 (1 connection now open)
2015-10-22T16:47:42.623-0700 [conn1]  authenticate db: admin { authenticate: 1, nonce: "xxx", user: "michal", key: "xxx" }
2015-10-22T16:47:42.665-0700 [conn1] Failed to authenticate michal@admin with mechanism MONGODB-CR: AuthenticationFailed UserNotFound Could not find user michal@admin
2015-10-22T16:47:42.666-0700 Error: 18 { ok: 0.0, errmsg: "auth failed", code: 18 } at src/mongo/shell/db.js:1210
exception: login failed
(env) dyna6-165:proj5-mongo michal$ 2015-10-22T16:47:42.687-0700 [conn1] end connection 127.0.0.1:57224 (0 connections now open)
2015-10-22T16:48:12.543-0700 [clientcursormon] mem (MB) res:80 virt:3151
2015-10-22T16:48:12.543-0700 [clientcursormon]  mapped (incl journal view):640
2015-10-22T16:48:12.543-0700 [clientcursormon]  connections:0

(env) dyna6-165:proj5-mongo michal$ g[Kfg
~/Dropbox/Sys/spotter/bin/mongodb_osx.sh
^C2015-10-22T16:48:45.087-0700 [signalProcessingThread] got signal 2 (Interrupt: 2), will terminate after current cmd ends
2015-10-22T16:48:45.087-0700 [signalProcessingThread] now exiting
2015-10-22T16:48:45.087-0700 [signalProcessingThread] dbexit: 
2015-10-22T16:48:45.087-0700 [signalProcessingThread] shutdown: going to close listening sockets...
2015-10-22T16:48:45.087-0700 [signalProcessingThread] closing listening socket: 9
2015-10-22T16:48:45.087-0700 [signalProcessingThread] closing listening socket: 10
2015-10-22T16:48:45.087-0700 [signalProcessingThread] removing socket file: /tmp/mongodb-27333.sock
2015-10-22T16:48:45.088-0700 [signalProcessingThread] shutdown: going to flush diaglog...
2015-10-22T16:48:45.088-0700 [signalProcessingThread] shutdown: going to close sockets...
2015-10-22T16:48:45.088-0700 [signalProcessingThread] shutdown: waiting for fs preallocator...
2015-10-22T16:48:45.088-0700 [signalProcessingThread] shutdown: lock for final commit...
2015-10-22T16:48:45.088-0700 [signalProcessingThread] shutdown: final commit...
2015-10-22T16:48:45.093-0700 [signalProcessingThread] shutdown: closing all files...
2015-10-22T16:48:45.094-0700 [signalProcessingThread] closeAllFiles() finished
2015-10-22T16:48:45.094-0700 [signalProcessingThread] journalCleanup...
2015-10-22T16:48:45.094-0700 [signalProcessingThread] removeJournalFiles
2015-10-22T16:48:45.095-0700 [signalProcessingThread] shutdown: removing fs lock...
2015-10-22T16:48:45.095-0700 [signalProcessingThread] dbexit: really exiting now
Started ... listening on port 27333
(env) dyna6-165:proj5-mongo michal$ fgmongo --port 27333 -u michal -p twfwif admin[C[C[C[C[C[C[C[C[C[C[C[C[C[C[C[C[C[C[C[C[C[C[C[C[C[C[C[C[C[C[C[C[C[C[C[Cbg[K~/Dropbox/Sys/spotter/bin/mongodb_osx.sh[C[C[C[C[C[C[C[C[C[C[C[C[C[C[C[C[C[C[C[C[C[C[C[C[C[C[C[C[C[C[C[C[C[C[C[Cfg[Kmongo[3Pbg~/Dropbox/Sys/spotter/bin/mongodb_osx_noauth.sh 
Starting ... 
2015-10-22T16:48:52.762-0700 [initandlisten] MongoDB starting : pid=87611 port=27333 dbpath=/Users/michal/Tools/mongodb/db 64-bit host=dyna6-165.cs.uoregon.edu
2015-10-22T16:48:52.762-0700 [initandlisten] db version v2.6.7
2015-10-22T16:48:52.762-0700 [initandlisten] git version: a7d57ad27c382de82e9cb93bf983a80fd9ac9899
2015-10-22T16:48:52.762-0700 [initandlisten] build info: Darwin bs-osx-108-x86-64-2.10gen.cc 12.3.0 Darwin Kernel Version 12.3.0: Sun Jan  6 22:37:10 PST 2013; root:xnu-2050.22.13~1/RELEASE_X86_64 x86_64 BOOST_LIB_VERSION=1_49
2015-10-22T16:48:52.762-0700 [initandlisten] allocator: system
2015-10-22T16:48:52.762-0700 [initandlisten] options: { net: { port: 27333 }, security: { authorization: "disabled" }, storage: { dbPath: "/Users/michal/Tools/mongodb/db" } }
2015-10-22T16:48:52.763-0700 [initandlisten] journal dir=/Users/michal/Tools/mongodb/db/journal
2015-10-22T16:48:52.763-0700 [initandlisten] recover : no journal files present, no recovery needed
2015-10-22T16:48:52.779-0700 [initandlisten] waiting for connections on port 27333
^Z
[1]+  Stopped                 ~/Dropbox/Sys/spotter/bin/mongodb_osx_noauth.sh
(env) dyna6-165:proj5-mongo michal$ bg
[1]+ ~/Dropbox/Sys/spotter/bin/mongodb_osx_noauth.sh &
(env) dyna6-165:proj5-mongo michal$ mongo --port 27333
MongoDB shell version: 2.6.7
connecting to: 127.0.0.1:27333/test
2015-10-22T16:49:05.399-0700 [initandlisten] connection accepted from 127.0.0.1:57229 #1 (1 connection now open)
> db.system.users.fine[3G[Jdb.system.users.fin[22Gd()[3G[Jdb.system.users.find()[25G
> 2015-10-22T16:49:52.818-0700 [clientcursormon] mem (MB) res:80 virt:3151
2015-10-22T16:49:52.818-0700 [clientcursormon]  mapped (incl journal view):640
2015-10-22T16:49:52.818-0700 [clientcursormon]  connections:1
db admin[3G[Jdb admin[11G
2015-10-22T16:50:29.259-0700 SyntaxError: Unexpected identifier
> use system[3G[Juse system[13G
switched to db system
> db.system.users.find()[3G[Jdb.system.users.find()[25G
> use admin[3G[Juse admin[12G
switched to db admin
> db.admin.users.find()[3G[Jdb.admin.users.find()[24G
> db.adduser[3G[Jdb.adduse[12G[3G[Jdb.addus[11G[3G[Jdb.addu[10G[3G[Jdb.add[9G[3G[Jdb.ad[8G[3G[Jdb.a[7G[3G[Jdb.[6G[3G[Jdb[5G[3G[Jd[4G[3G[J[3Ghelp(adduser)[3G[Jhelp(adduser)[16G
2015-10-22T16:52:59.734-0700 ReferenceError: adduser is not defined
> 2015-10-22T16:54:53.038-0700 [clientcursormon] mem (MB) res:80 virt:3151
2015-10-22T16:54:53.038-0700 [clientcursormon]  mapped (incl journal view):640
2015-10-22T16:54:53.038-0700 [clientcursormon]  connections:1
[3G[J[3G
> use(admin()[3G[Juse(admin([13G[3G[Juse(admin[12G[3G[Juse(admi[11G[3G[Juse(adm[10G[3G[Juse(ad[9G[3G[Juse(a[8G[3G[Juse([7G[3G[Juse[6G admin[3G[Juse admin[12G
switched to db admin
> db.ceat[3G[Jdb.cea[9G[3G[Jdb.ce[8G[3G[Jdb.c[7GreateUser( { user: "michal", pwd: "twfi[3G[Jdb.createUser( { user: "michal", pwd: "twf[45Gwif", roles: [ "root" ] } )[3G[Jdb.createUser( { user: "michal", pwd: "twfwif", roles: [ "root" ] } )[72G
Successfully added user: { "user" : "michal", "roles" : [ "root" ] }
> db.admin.users.find()[3G[Jdb.admin.users.find()[24G
> db.system.users.find()[3G[Jdb.system.users.find()[25G
{ "_id" : "admin.siteUserAdmin", "user" : "siteUserAdmin", "db" : "admin", "credentials" : { "MONGODB-CR" : "f77c53b88ec5770fcab7a37efce7dc16" }, "roles" : [ { "role" : "userAdminAnyDatabase", "db" : "admin" } ] }
{ "_id" : "tracks.tracker", "user" : "tracker", "db" : "tracks", "credentials" : { "MONGODB-CR" : "d339d2ed360bdec659ca232a0e095141" }, "roles" : [ { "role" : "readWrite", "db" : "tracks" }, { "role" : "userAdmin", "db" : "tracks" } ] }
{ "_id" : "admin.michal", "user" : "michal", "db" : "admin", "credentials" : { "MONGODB-CR" : "f6f736f36d2104da987a6316b5699db2" }, "roles" : [ { "role" : "root", "db" : "admin" } ] }
> db[3G[Jd[4G[3G[J[3Gdb.[3G[Jdb[5G[3G[Jd[4G[3G[J[3Guse memos[3G[Juse memos[12G
switched to db memos
> db.cea[3G[Jdb.ce[8G[3G[Jdb.c[7GreateUser( { "[3G[Jdb.createUser( { [20Guser: "memo"2015-10-22T16:59:53.268-0700 [clientcursormon] mem (MB) res:65 virt:3151
2015-10-22T16:59:53.268-0700 [clientcursormon]  mapped (incl journal view):640
2015-10-22T16:59:53.268-0700 [clientcursormon]  connections:1
, pwd: "memo"[3G[Jdb.createUser( { user: "memo", pwd: "memo[44G[3G[Jdb.createUser( { user: "memo", pwd: "mem[43G[3G[Jdb.createUser( { user: "memo", pwd: "me[42G[3G[Jdb.createUser( { user: "memo", pwd: "m[41G[3G[Jdb.createUser( { user: "memo", pwd: "[40Giremember", roles: [ { [3G[Jdb.createUser( { user: "memo", pwd: "iremember", roles: [ {[62G "role": "readWrite", "db": "memos" }] })[3G[Jdb.createUser( { user: "memo", pwd: "iremember", roles: [ { "role": "readWrite", "db": "memos" }] })[103G
Successfully added user: {
	"user" : "memo",
	"roles" : [
		{
			"role" : "readWrite",
			"db" : "memos"
		}
	]
}
> exit()[3G[Jexit()[9G
2015-10-22T17:01:31.570-0700 ReferenceError: exit is not defined
> k[3G[J[3Gquite([3G[Jquite[8G[3G[Jquit[7G()[3G[Jquit()[9G
2015-10-22T17:01:38.764-0700 [conn1] end connection 127.0.0.1:57229 (0 connections now open)
(env) dyna6-165:proj5-mongo michal$ 2015-10-22T17:04:53.519-0700 [clientcursormon] mem (MB) res:64 virt:3151
2015-10-22T17:04:53.519-0700 [clientcursormon]  mapped (incl journal view):640
2015-10-22T17:04:53.519-0700 [clientcursormon]  connections:0
2015-10-22T17:09:53.711-0700 [clientcursormon] mem (MB) res:64 virt:3151
2015-10-22T17:09:53.711-0700 [clientcursormon]  mapped (incl journal view):640
2015-10-22T17:09:53.711-0700 [clientcursormon]  connections:0
2015-10-22T17:14:53.937-0700 [clientcursormon] mem (MB) res:64 virt:3151
2015-10-22T17:14:53.937-0700 [clientcursormon]  mapped (incl journal view):640
2015-10-22T17:14:53.937-0700 [clientcursormon]  connections:0
2015-10-22T17:19:54.167-0700 [clientcursormon] mem (MB) res:64 virt:3151
2015-10-22T17:19:54.167-0700 [clientcursormon]  mapped (incl journal view):640
2015-10-22T17:19:54.167-0700 [clientcursormon]  connections:0
2015-10-22T17:24:54.394-0700 [clientcursormon] mem (MB) res:64 virt:3151
2015-10-22T17:24:54.394-0700 [clientcursormon]  mapped (incl journal view):640
2015-10-22T17:24:54.394-0700 [clientcursormon]  connections:0
2015-10-22T17:29:54.733-0700 [clientcursormon] mem (MB) res:64 virt:3151
2015-10-22T17:29:54.733-0700 [clientcursormon]  mapped (incl journal view):640
2015-10-22T17:29:54.733-0700 [clientcursormon]  connections:0
2015-10-22T17:34:55.168-0700 [clientcursormon] mem (MB) res:64 virt:3151
2015-10-22T17:34:55.168-0700 [clientcursormon]  mapped (incl journal view):640
2015-10-22T17:34:55.168-0700 [clientcursormon]  connections:0
2015-10-22T17:39:55.520-0700 [clientcursormon] mem (MB) res:64 virt:3151
2015-10-22T17:39:55.520-0700 [clientcursormon]  mapped (incl journal view):640
2015-10-22T17:39:55.520-0700 [clientcursormon]  connections:0
2015-10-22T17:44:55.916-0700 [clientcursormon] mem (MB) res:64 virt:3151
2015-10-22T17:44:55.916-0700 [clientcursormon]  mapped (incl journal view):640
2015-10-22T17:44:55.916-0700 [clientcursormon]  connections:0
2015-10-22T17:49:56.293-0700 [clientcursormon] mem (MB) res:64 virt:3151
2015-10-22T17:49:56.293-0700 [clientcursormon]  mapped (incl journal view):640
2015-10-22T17:49:56.293-0700 [clientcursormon]  connections:0
2015-10-22T17:54:56.644-0700 [clientcursormon] mem (MB) res:64 virt:3151
2015-10-22T17:54:56.644-0700 [clientcursormon]  mapped (incl journal view):640
2015-10-22T17:54:56.644-0700 [clientcursormon]  connections:0
2015-10-22T17:59:57.042-0700 [clientcursormon] mem (MB) res:64 virt:3151
2015-10-22T17:59:57.042-0700 [clientcursormon]  mapped (incl journal view):640
2015-10-22T17:59:57.042-0700 [clientcursormon]  connections:0
2015-10-22T18:04:57.435-0700 [clientcursormon] mem (MB) res:64 virt:3151
2015-10-22T18:04:57.435-0700 [clientcursormon]  mapped (incl journal view):640
2015-10-22T18:04:57.435-0700 [clientcursormon]  connections:0
2015-10-22T18:09:57.788-0700 [clientcursormon] mem (MB) res:64 virt:3151
2015-10-22T18:09:57.788-0700 [clientcursormon]  mapped (incl journal view):640
2015-10-22T18:09:57.788-0700 [clientcursormon]  connections:0
2015-10-22T18:14:58.171-0700 [clientcursormon] mem (MB) res:64 virt:3151
2015-10-22T18:14:58.172-0700 [clientcursormon]  mapped (incl journal view):640
2015-10-22T18:14:58.172-0700 [clientcursormon]  connections:0
2015-10-22T18:19:58.576-0700 [clientcursormon] mem (MB) res:64 virt:3151
2015-10-22T18:19:58.576-0700 [clientcursormon]  mapped (incl journal view):640
2015-10-22T18:19:58.576-0700 [clientcursormon]  connections:0
2015-10-22T18:24:58.945-0700 [clientcursormon] mem (MB) res:64 virt:3151
2015-10-22T18:24:58.945-0700 [clientcursormon]  mapped (incl journal view):640
2015-10-22T18:24:58.945-0700 [clientcursormon]  connections:0
2015-10-22T18:29:59.311-0700 [clientcursormon] mem (MB) res:64 virt:3151
2015-10-22T18:29:59.311-0700 [clientcursormon]  mapped (incl journal view):640
2015-10-22T18:29:59.311-0700 [clientcursormon]  connections:0
2015-10-22T18:34:59.673-0700 [clientcursormon] mem (MB) res:64 virt:3151
2015-10-22T18:34:59.673-0700 [clientcursormon]  mapped (incl journal view):640
2015-10-22T18:34:59.673-0700 [clientcursormon]  connections:0
2015-10-22T18:40:00.078-0700 [clientcursormon] mem (MB) res:64 virt:3151
2015-10-22T18:40:00.078-0700 [clientcursormon]  mapped (incl journal view):640
2015-10-22T18:40:00.078-0700 [clientcursormon]  connections:0
2015-10-22T18:45:00.459-0700 [clientcursormon] mem (MB) res:64 virt:3151
2015-10-22T18:45:00.459-0700 [clientcursormon]  mapped (incl journal view):640
2015-10-22T18:45:00.459-0700 [clientcursormon]  connections:0

(env) dyna6-165:proj5-mongo michal$ 